// Jest Snapshot v1, https://goo.gl/fbAQLP

exports[`<Loader /> renders <Loader /> component 1`] = `
<div
  class="css-17r1j6n"
>
  <div
    class="chakra-spinner css-1y7joxr"
  >
    <span
      class="css-f8n5zr"
    >
      Loading...
    </span>
  </div>
</div>
`;
